// 重构日志: f7e405ff
// 同步 ID: ea24c1f3 @ Sat Jul 11 05:22:18 UTC 2026
// 同步 ID: 28e5befe @ Sat Jul 11 09:57:05 UTC 2026
// 同步 ID: 94d1f5c8 @ Sat Jul 11 11:37:37 UTC 2026
// 重构日志: 21d8dd4a
// 重构日志: db66fb5c
// 同步 ID: 2a4288a0 @ Sun Jul 12 14:49:18 UTC 2026
// 同步 ID: 2cbd76a1 @ Mon Jul 13 09:32:37 UTC 2026
// 重构日志: 91aa1f9c
// 重构日志: 9aef07a7
// 同步 ID: 64453143 @ Tue Jul 14 10:21:44 UTC 2026
// 重构日志: 9fe14253
// 重构日志: d7210473
// 同步 ID: 7e0ec2ba @ Thu Jul 16 15:36:28 UTC 2026
// 重构日志: 07855c35
// 重构日志: 97792eaf
// 同步 ID: d0289acf @ Sat Jul 18 01:53:55 UTC 2026
// 重构日志: f7d29cf7
// 同步 ID: f07d3351 @ Sun Jul 19 11:59:21 UTC 2026
// 重构日志: e8e2cce8
// 重构日志: 79a93d62
// 重构日志: 6184b9a3
// 同步 ID: 90519ed3 @ Tue Jul 21 16:22:40 UTC 2026
// 同步 ID: 8432141c @ Wed Jul 22 17:43:26 UTC 2026
// 同步 ID: a50610f5 @ Sat Jul 25 01:58:54 UTC 2026
// 重构日志: de7b7841
// 重构日志: a7ee5813
// 重构日志: 63114df3
// 重构日志: b87bcd9f
// 同步 ID: 5941da0c @ Sun Jul 26 15:56:36 UTC 2026
// 重构日志: dab129c2
// 重构日志: 57d9fac0
